// Jest Snapshot v1, https://goo.gl/fbAQLP

exports[`<Sort> renders as expected without crashing and matches snapshot 1`] = `
<section
  className="sort is-paddingless is-marginless"
>
  <span
    className="is-paddingless has-text-weight-bold"
  >
     Sort by 
  </span>
  <button
    className="button is-small is-paddingless is-marginless is-text"
    id="sortButton"
  >
    Descending
  </button>
  |
  <button
    className="button is-small is-paddingless is-marginless is-text"
    id="sortButton"
  >
    Ascending
  </button>
</section>
`;
